[preview.colorlib.com/theme/appy/index.html]
[backblue.gif]
[fade.gif]
[index.html]
[preview.colorlib.com/theme/appy/images/xapple-touch-icon.png.pagespeed.ic.YWxfLxrgyu.png]
[preview.colorlib.com/theme/appy/images/favicon.ico]
[preview.colorlib.com/theme/appy/css/A.bootstrap.min.css+owl.carousel.min.css+linearicons.css+magnific-popup.css+animate.css+normalize.css,Mcc.8ScppV58D6.css.pagespeed.cf.WRiLZA7BhK.css]
[preview.colorlib.com/theme/appy/A.style.css+css,,_responsive.css,Mcc.mA-eGlP2e8.css.pagespeed.cf.c3fmr59kHS.css]
[preview.colorlib.com/theme/appy/js/vendor/modernizr-2.8.3.min.js]
[preview.colorlib.com/theme/appy/images/xlogo.png.pagespeed.ic.il-GxCt_5r.png]
[preview.colorlib.com/theme/appy/blog.html]
[preview.colorlib.com/theme/appy/images/xheader-mobile.png.pagespeed.ic.g_5e9ypeWZ.png]
[preview.colorlib.com/theme/appy/images/xabout-logo.png.pagespeed.ic.n9egfXnl4s.png]
[preview.colorlib.com/theme/appy/images/xprogress-phone.png.pagespeed.ic.3gFkcRJ_R8.png]
[preview.colorlib.com/theme/appy/images/xvideo-image.jpg.pagespeed.ic.83fx7_Gga6.jpg]
[preview.colorlib.com/theme/appy/images/xplay-button.png.pagespeed.ic.XAM7-sYLd4.png]
[preview.colorlib.com/theme/appy/images/xfeature-image.png.pagespeed.ic.kOQF0Q2bQL.png]
[preview.colorlib.com/theme/appy/images/xteam-1.png.pagespeed.ic.UIUSvCc1A8.png]
[preview.colorlib.com/theme/appy/images/xteam-2.jpg.pagespeed.ic.rlHFqX_JgU.jpg]
[preview.colorlib.com/theme/appy/images/xteam-3.jpg.pagespeed.ic.jQTCGxcwFi.jpg]
[preview.colorlib.com/theme/appy/images/xgallery-1.jpg.pagespeed.ic.v5raSsShqZ.jpg]
[preview.colorlib.com/theme/appy/images/xgallery-2.jpg.pagespeed.ic._uNshRPZda.jpg]
[preview.colorlib.com/theme/appy/images/xgallery-3.jpg.pagespeed.ic.oDDHone6sy.jpg]
[preview.colorlib.com/theme/appy/images/xgallery-4.jpg.pagespeed.ic.-NwAa2kflb.jpg]
[preview.colorlib.com/theme/appy/images/xdownload-image.png.pagespeed.ic.9GUJfxO1_z.png]
[preview.colorlib.com/theme/appy/images/xapple-icon.png.pagespeed.ic.ZPtGoZI0Jm.png]
[preview.colorlib.com/theme/appy/images/xplay-store-icon.png.pagespeed.ic.HLgZa9Ht5D.png]
[preview.colorlib.com/theme/appy/js/vendor/jquery-1.12.4.min.js]
[preview.colorlib.com/theme/appy/js/vendor/jquery-ui.js]
[preview.colorlib.com/theme/appy/js/vendor,_bootstrap.min.js+owl.carousel.min.js+contact-form.js+ajaxchimp.js+scrollUp.min.js.pagespeed.jc.DdRivzUIm3.js]
[preview.colorlib.com/theme/appy/index.html]
[preview.colorlib.com/theme/appy/js/magnific-popup.min.js+wow.min.js+main.js.pagespeed.jc.FE7UubsmUL.js]
[preview.colorlib.com/theme/appy/fonts/glyphicons-halflings-regular.eot]
[preview.colorlib.com/theme/appy/fonts/glyphicons-halflings-regulard41d.eot]
[preview.colorlib.com/theme/appy/fonts/glyphicons-halflings-regular.woff2]
[preview.colorlib.com/theme/appy/fonts/glyphicons-halflings-regular.woff]
[preview.colorlib.com/theme/appy/fonts/glyphicons-halflings-regular.ttf]
[preview.colorlib.com/theme/appy/fonts/glyphicons-halflings-regular.svg]
[preview.colorlib.com/theme/appy/fonts/Linearicons-Free54e9.eot]
[preview.colorlib.com/theme/appy/fonts/Linearicons-Freed41d.eot]
[preview.colorlib.com/theme/appy/fonts/Linearicons-Free54e9.woff2]
[preview.colorlib.com/theme/appy/fonts/Linearicons-Free54e9.woff]
[preview.colorlib.com/theme/appy/fonts/Linearicons-Free54e9.ttf]
[preview.colorlib.com/theme/appy/fonts/Linearicons-Free54e9.svg]
[preview.colorlib.com/theme/appy/css/owl.video.play.png]
[preview.colorlib.com/theme/appy/css/A.bootstrap.min.css+owl.carousel.min.css+linearicons.css+magnific-popup.css+animate.css+normalize.css,Mcc.8ScppV58D6.css.pagespeed.cf.WRiLZA7BhK.css]
[preview.colorlib.com/theme/appy/A.style.css+css,,_responsive.css,Mcc.mA-eGlP2e8.css.pagespeed.cf.c3fmr59kHS.css]
[preview.colorlib.com/theme/appy/index-2.html]
[preview.colorlib.com/theme/appy/images/sticky-image.jpg]
[preview.colorlib.com/theme/appy/single.html]
[preview.colorlib.com/theme/appy/images/blog-1.jpg]
[preview.colorlib.com/theme/appy/images/blog-2.jpg]
[preview.colorlib.com/theme/appy/images/blog-3.jpg]
[preview.colorlib.com/theme/appy/images/blog-4.jpg]
[preview.colorlib.com/theme/appy/images/blog-5.jpg]
[preview.colorlib.com/theme/appy/images/blog-6.jpg]
[preview.colorlib.com/theme/appy/blog.html]
[preview.colorlib.com/theme/appy/fonts/glyphicons-halflings-regular.html]
[preview.colorlib.com/theme/appy/fonts/glyphicons-halflings-regulard41d.html]
[preview.colorlib.com/theme/appy/fonts/glyphicons-halflings-regular-2.html]
[preview.colorlib.com/theme/appy/fonts/glyphicons-halflings-regular-3.html]
[preview.colorlib.com/theme/appy/fonts/glyphicons-halflings-regular-4.html]
[preview.colorlib.com/theme/appy/fonts/glyphicons-halflings-regular-5.html]
[preview.colorlib.com/theme/appy/fonts/Linearicons-Free54e9.svg]
[preview.colorlib.com/theme/appy/css/owl.video.play.html]
[preview.colorlib.com/theme/appy/index-2.html]
[preview.colorlib.com/theme/appy/images/xsticky-image.jpg.pagespeed.ic.F_hZEz6CgF.jpg]
[preview.colorlib.com/theme/appy/images/xcomment-image.jpeg.pagespeed.ic.9ez-EPeh65.jpg]
[preview.colorlib.com/theme/appy/single.html]
